2025-08-29T07:29:59.488+09:00  INFO 22864 --- [MySpringBootLab] [restartedMain] c.r.m.MySpringBootLabApplication         : Starting MySpringBootLabApplication using Java 17.0.2 with PID 22864 (C:\mybackend\SpringBoot\MySpringBootLab\target\classes started by user in C:\mybackend\SpringBoot\MySpringBootLab)
2025-08-29T07:29:59.499+09:00  INFO 22864 --- [MySpringBootLab] [restartedMain] c.r.m.MySpringBootLabApplication         : The following 1 profile is active: "prod"
2025-08-29T07:29:59.555+09:00  INFO 22864 --- [MySpringBootLab] [restartedMain] .e.DevToolsPropertyDefaultsPostProcessor : Devtools property defaults active! Set 'spring.devtools.add-properties' to 'false' to disable
2025-08-29T07:29:59.555+09:00  INFO 22864 --- [MySpringBootLab] [restartedMain] .e.DevToolsPropertyDefaultsPostProcessor : For additional web related logging consider setting the 'logging.level.web' property to 'DEBUG'
2025-08-29T07:30:00.473+09:00  INFO 22864 --- [MySpringBootLab] [restartedMain] .s.d.r.c.RepositoryConfigurationDelegate : Bootstrapping Spring Data JPA repositories in DEFAULT mode.
2025-08-29T07:30:00.544+09:00  INFO 22864 --- [MySpringBootLab] [restartedMain] .s.d.r.c.RepositoryConfigurationDelegate : Finished Spring Data repository scanning in 60 ms. Found 2 JPA repository interfaces.
2025-08-29T07:30:01.217+09:00  INFO 22864 --- [MySpringBootLab] [restartedMain] o.s.b.w.embedded.tomcat.TomcatWebServer  : Tomcat initialized with port 8080 (http)
2025-08-29T07:30:01.231+09:00  INFO 22864 --- [MySpringBootLab] [restartedMain] o.apache.catalina.core.StandardService   : Starting service [Tomcat]
2025-08-29T07:30:01.232+09:00  INFO 22864 --- [MySpringBootLab] [restartedMain] o.apache.catalina.core.StandardEngine    : Starting Servlet engine: [Apache Tomcat/10.1.43]
2025-08-29T07:30:01.273+09:00  INFO 22864 --- [MySpringBootLab] [restartedMain] o.a.c.c.C.[Tomcat].[localhost].[/]       : Initializing Spring embedded WebApplicationContext
2025-08-29T07:30:01.273+09:00  INFO 22864 --- [MySpringBootLab] [restartedMain] w.s.c.ServletWebServerApplicationContext : Root WebApplicationContext: initialization completed in 1717 ms
2025-08-29T07:30:01.573+09:00  INFO 22864 --- [MySpringBootLab] [restartedMain] o.hibernate.jpa.internal.util.LogHelper  : HHH000204: Processing PersistenceUnitInfo [name: default]
2025-08-29T07:30:01.642+09:00  INFO 22864 --- [MySpringBootLab] [restartedMain] org.hibernate.Version                    : HHH000412: Hibernate ORM core version 6.6.22.Final
2025-08-29T07:30:01.682+09:00  INFO 22864 --- [MySpringBootLab] [restartedMain] o.h.c.internal.RegionFactoryInitiator    : HHH000026: Second-level cache disabled
2025-08-29T07:30:01.983+09:00  INFO 22864 --- [MySpringBootLab] [restartedMain] o.s.o.j.p.SpringPersistenceUnitInfo      : No LoadTimeWeaver setup: ignoring JPA class transformer
2025-08-29T07:30:02.004+09:00  INFO 22864 --- [MySpringBootLab] [restartedMain] com.zaxxer.hikari.HikariDataSource       : HikariPool-1 - Starting...
2025-08-29T07:30:02.069+09:00  INFO 22864 --- [MySpringBootLab] [restartedMain] com.zaxxer.hikari.pool.HikariPool        : HikariPool-1 - Added connection org.mariadb.jdbc.Connection@44f12a
2025-08-29T07:30:02.070+09:00  INFO 22864 --- [MySpringBootLab] [restartedMain] com.zaxxer.hikari.HikariDataSource       : HikariPool-1 - Start completed.
2025-08-29T07:30:02.086+09:00  WARN 22864 --- [MySpringBootLab] [restartedMain] org.hibernate.orm.deprecation            : HHH90000025: MariaDBDialect does not need to be specified explicitly using 'hibernate.dialect' (remove the property setting and it will be selected by default)
2025-08-29T07:30:02.101+09:00  INFO 22864 --- [MySpringBootLab] [restartedMain] org.hibernate.orm.connections.pooling    : HHH10001005: Database info:
	Database JDBC URL [Connecting through datasource 'HikariDataSource (HikariPool-1)']
	Database driver: undefined/unknown
	Database version: 10.11.5
	Autocommit mode: undefined/unknown
	Isolation level: undefined/unknown
	Minimum pool size: undefined/unknown
	Maximum pool size: undefined/unknown
2025-08-29T07:30:02.788+09:00  INFO 22864 --- [MySpringBootLab] [restartedMain] o.h.e.t.j.p.i.JtaPlatformInitiator       : HHH000489: No JTA platform available (set 'hibernate.transaction.jta.platform' to enable JTA platform integration)
2025-08-29T07:30:02.970+09:00  INFO 22864 --- [MySpringBootLab] [restartedMain] j.LocalContainerEntityManagerFactoryBean : Initialized JPA EntityManagerFactory for persistence unit 'default'
2025-08-29T07:30:03.350+09:00  INFO 22864 --- [MySpringBootLab] [restartedMain] o.s.d.j.r.query.QueryEnhancerFactory     : Hibernate is in classpath; If applicable, HQL parser will be used.
2025-08-29T07:30:03.875+09:00  WARN 22864 --- [MySpringBootLab] [restartedMain] JpaBaseConfiguration$JpaWebConfiguration : spring.jpa.open-in-view is enabled by default. Therefore, database queries may be performed during view rendering. Explicitly configure spring.jpa.open-in-view to disable this warning
2025-08-29T07:30:04.136+09:00  WARN 22864 --- [MySpringBootLab] [restartedMain] ion$DefaultTemplateResolverConfiguration : Cannot find template location: classpath:/templates/ (please add some templates, check your Thymeleaf configuration, or set spring.thymeleaf.check-template-location=false)
2025-08-29T07:30:04.353+09:00  INFO 22864 --- [MySpringBootLab] [restartedMain] o.s.b.a.h2.H2ConsoleAutoConfiguration    : H2 console available at '/h2-console'. Database available at 'jdbc:mariadb://127.0.0.1/lab_db?user=lab&password=***'
2025-08-29T07:30:04.388+09:00  INFO 22864 --- [MySpringBootLab] [restartedMain] o.s.b.d.a.OptionalLiveReloadServer       : LiveReload server is running on port 35729
2025-08-29T07:30:04.394+09:00  INFO 22864 --- [MySpringBootLab] [restartedMain] o.s.b.a.e.web.EndpointLinksResolver      : Exposing 1 endpoint beneath base path '/actuator'
2025-08-29T07:30:04.474+09:00  INFO 22864 --- [MySpringBootLab] [restartedMain] o.s.b.w.embedded.tomcat.TomcatWebServer  : Tomcat started on port 8080 (http) with context path '/'
2025-08-29T07:30:04.487+09:00  INFO 22864 --- [MySpringBootLab] [restartedMain] c.r.m.MySpringBootLabApplication         : Started MySpringBootLabApplication in 5.365 seconds (process running for 15.528)
2025-08-29T07:30:04.541+09:00  INFO 22864 --- [MySpringBootLab] [restartedMain] c.r.m.runner.BookDataInsertRunner        : Starting Book-only data initialization...
2025-08-29T07:30:04.645+09:00  INFO 22864 --- [MySpringBootLab] [restartedMain] c.r.m.runner.BookDataInsertRunner        : Creating books with details (no publisher)...
2025-08-29T07:30:04.697+09:00  INFO 22864 --- [MySpringBootLab] [restartedMain] c.r.m.runner.BookDataInsertRunner        : Created 14 books with/without details
2025-08-29T07:30:04.697+09:00  INFO 22864 --- [MySpringBootLab] [restartedMain] c.r.m.runner.BookDataInsertRunner        : Book-only data initialization completed successfully
2025-08-29T07:30:04.705+09:00  INFO 22864 --- [MySpringBootLab] [restartedMain] c.r.myspringbootlab.runner.MyPropRunner  : MyBootProperties getUsername() = Prod Env
2025-08-29T07:30:04.705+09:00  INFO 22864 --- [MySpringBootLab] [restartedMain] c.r.myspringbootlab.runner.MyPropRunner  : MyBootProperties getPort() = 94
2025-08-29T07:30:04.705+09:00  INFO 22864 --- [MySpringBootLab] [restartedMain] c.r.myspringbootlab.runner.MyPropRunner  : 설정된 Port 번호 = 8080
2025-08-29T07:30:04.705+09:00  INFO 22864 --- [MySpringBootLab] [restartedMain] c.r.myspringbootlab.runner.MyPropRunner  : 현재 활성화된 MyEnvironment Bean = MyEnvironment(mode=운영환경)
2025-08-29T07:30:46.788+09:00  INFO 22864 --- [MySpringBootLab] [http-nio-8080-exec-1] o.a.c.c.C.[Tomcat].[localhost].[/]       : Initializing Spring DispatcherServlet 'dispatcherServlet'
2025-08-29T07:30:46.789+09:00  INFO 22864 --- [MySpringBootLab] [http-nio-8080-exec-1] o.s.web.servlet.DispatcherServlet        : Initializing Servlet 'dispatcherServlet'
2025-08-29T07:30:46.791+09:00  INFO 22864 --- [MySpringBootLab] [http-nio-8080-exec-1] o.s.web.servlet.DispatcherServlet        : Completed initialization in 2 ms
2025-08-29T07:43:34.459+09:00  WARN 22864 --- [MySpringBootLab] [http-nio-8080-exec-1] .w.s.m.s.DefaultHandlerExceptionResolver : Resolved [org.springframework.web.bind.MethodArgumentNotValidException: Validation failed for argument [0] in public org.springframework.http.ResponseEntity<com.rookies4.myspringbootlab.controller.dto.BookDTO$Response> com.rookies4.myspringbootlab.controller.BookController.createBook(com.rookies4.myspringbootlab.controller.dto.BookDTO$Request) with 2 errors: [Field error in object 'request' on field 'isbn': rejected value [1111111111111111]; codes [Pattern.request.isbn,Pattern.isbn,Pattern.java.lang.String,Pattern]; arguments [org.springframework.context.support.DefaultMessageSourceResolvable: codes [request.isbn,isbn]; arguments []; default message [isbn],[Ljakarta.validation.constraints.Pattern$Flag;@4fec0311,^(?=(?:\D*\d){10}(?:(?:\D*\d){3})?$)[\d-]+$]; default message [ISBN must be valid (10 or 13 digits, with or without hyphens)]] [Field error in object 'request' on field 'publishDate': rejected value [2025-08-29]; codes [Past.request.publishDate,Past.publishDate,Past.java.time.LocalDate,Past]; arguments [org.springframework.context.support.DefaultMessageSourceResolvable: codes [request.publishDate,publishDate]; arguments []; default message [publishDate]]; default message [Publish date must be in the past]] ]
2025-08-29T08:32:39.441+09:00  WARN 22864 --- [MySpringBootLab] [http-nio-8080-exec-1] .w.s.m.s.DefaultHandlerExceptionResolver : Resolved [org.springframework.web.bind.MethodArgumentNotValidException: Validation failed for argument [0] in public org.springframework.http.ResponseEntity<com.rookies4.myspringbootlab.controller.dto.BookDTO$Response> com.rookies4.myspringbootlab.controller.BookController.createBook(com.rookies4.myspringbootlab.controller.dto.BookDTO$Request) with 2 errors: [Field error in object 'request' on field 'publishDate': rejected value [2025-08-29]; codes [Past.request.publishDate,Past.publishDate,Past.java.time.LocalDate,Past]; arguments [org.springframework.context.support.DefaultMessageSourceResolvable: codes [request.publishDate,publishDate]; arguments []; default message [publishDate]]; default message [Publish date must be in the past]] [Field error in object 'request' on field 'isbn': rejected value [1111111111111111]; codes [Pattern.request.isbn,Pattern.isbn,Pattern.java.lang.String,Pattern]; arguments [org.springframework.context.support.DefaultMessageSourceResolvable: codes [request.isbn,isbn]; arguments []; default message [isbn],[Ljakarta.validation.constraints.Pattern$Flag;@4fec0311,^(?=(?:\D*\d){10}(?:(?:\D*\d){3})?$)[\d-]+$]; default message [ISBN must be valid (10 or 13 digits, with or without hyphens)]] ]
2025-08-29T08:33:04.212+09:00  WARN 22864 --- [MySpringBootLab] [http-nio-8080-exec-3] .w.s.m.s.DefaultHandlerExceptionResolver : Resolved [org.springframework.web.bind.MethodArgumentNotValidException: Validation failed for argument [0] in public org.springframework.http.ResponseEntity<com.rookies4.myspringbootlab.controller.dto.BookDTO$Response> com.rookies4.myspringbootlab.controller.BookController.createBook(com.rookies4.myspringbootlab.controller.dto.BookDTO$Request) with 2 errors: [Field error in object 'request' on field 'isbn': rejected value [1111111111111111]; codes [Pattern.request.isbn,Pattern.isbn,Pattern.java.lang.String,Pattern]; arguments [org.springframework.context.support.DefaultMessageSourceResolvable: codes [request.isbn,isbn]; arguments []; default message [isbn],[Ljakarta.validation.constraints.Pattern$Flag;@4fec0311,^(?=(?:\D*\d){10}(?:(?:\D*\d){3})?$)[\d-]+$]; default message [ISBN must be valid (10 or 13 digits, with or without hyphens)]] [Field error in object 'request' on field 'publishDate': rejected value [2025-08-29]; codes [Past.request.publishDate,Past.publishDate,Past.java.time.LocalDate,Past]; arguments [org.springframework.context.support.DefaultMessageSourceResolvable: codes [request.publishDate,publishDate]; arguments []; default message [publishDate]]; default message [Publish date must be in the past]] ]
2025-08-29T08:35:53.621+09:00  WARN 22864 --- [MySpringBootLab] [http-nio-8080-exec-10] .w.s.m.s.DefaultHandlerExceptionResolver : Resolved [org.springframework.web.bind.MethodArgumentNotValidException: Validation failed for argument [0] in public org.springframework.http.ResponseEntity<com.rookies4.myspringbootlab.controller.dto.BookDTO$Response> com.rookies4.myspringbootlab.controller.BookController.createBook(com.rookies4.myspringbootlab.controller.dto.BookDTO$Request) with 2 errors: [Field error in object 'request' on field 'publishDate': rejected value [2025-08-29]; codes [Past.request.publishDate,Past.publishDate,Past.java.time.LocalDate,Past]; arguments [org.springframework.context.support.DefaultMessageSourceResolvable: codes [request.publishDate,publishDate]; arguments []; default message [publishDate]]; default message [Publish date must be in the past]] [Field error in object 'request' on field 'isbn': rejected value [1111111111111111]; codes [Pattern.request.isbn,Pattern.isbn,Pattern.java.lang.String,Pattern]; arguments [org.springframework.context.support.DefaultMessageSourceResolvable: codes [request.isbn,isbn]; arguments []; default message [isbn],[Ljakarta.validation.constraints.Pattern$Flag;@4fec0311,^(?=(?:\D*\d){10}(?:(?:\D*\d){3})?$)[\d-]+$]; default message [ISBN must be valid (10 or 13 digits, with or without hyphens)]] ]
2025-08-29T08:41:07.913+09:00  INFO 22864 --- [MySpringBootLab] [File Watcher] rtingClassPathChangeChangedEventListener : Restarting due to 2 class path changes (1 addition, 0 deletions, 1 modification)
2025-08-29T08:41:07.913+09:00  INFO 22864 --- [MySpringBootLab] [Thread-5] o.s.b.w.e.tomcat.GracefulShutdown        : Commencing graceful shutdown. Waiting for active requests to complete
2025-08-29T08:41:08.012+09:00  INFO 22864 --- [MySpringBootLab] [tomcat-shutdown] o.s.b.w.e.tomcat.GracefulShutdown        : Graceful shutdown complete
2025-08-29T08:41:08.012+09:00  INFO 22864 --- [MySpringBootLab] [Thread-5] j.LocalContainerEntityManagerFactoryBean : Closing JPA EntityManagerFactory for persistence unit 'default'
2025-08-29T08:41:08.012+09:00  INFO 22864 --- [MySpringBootLab] [Thread-5] com.zaxxer.hikari.HikariDataSource       : HikariPool-1 - Shutdown initiated...
2025-08-29T08:41:08.028+09:00  INFO 22864 --- [MySpringBootLab] [Thread-5] com.zaxxer.hikari.HikariDataSource       : HikariPool-1 - Shutdown completed.
2025-08-29T08:41:08.096+09:00  INFO 22864 --- [MySpringBootLab] [restartedMain] c.r.m.MySpringBootLabApplication         : Starting MySpringBootLabApplication using Java 17.0.2 with PID 22864 (C:\mybackend\SpringBoot\MySpringBootLab\target\classes started by user in C:\mybackend\SpringBoot\MySpringBootLab)
2025-08-29T08:41:08.096+09:00  INFO 22864 --- [MySpringBootLab] [restartedMain] c.r.m.MySpringBootLabApplication         : The following 1 profile is active: "prod"
2025-08-29T08:41:08.413+09:00  INFO 22864 --- [MySpringBootLab] [restartedMain] .s.d.r.c.RepositoryConfigurationDelegate : Bootstrapping Spring Data JPA repositories in DEFAULT mode.
2025-08-29T08:41:08.433+09:00  INFO 22864 --- [MySpringBootLab] [restartedMain] .s.d.r.c.RepositoryConfigurationDelegate : Finished Spring Data repository scanning in 16 ms. Found 2 JPA repository interfaces.
2025-08-29T08:41:08.564+09:00  INFO 22864 --- [MySpringBootLab] [restartedMain] o.s.b.w.embedded.tomcat.TomcatWebServer  : Tomcat initialized with port 8080 (http)
2025-08-29T08:41:08.565+09:00  INFO 22864 --- [MySpringBootLab] [restartedMain] o.apache.catalina.core.StandardService   : Starting service [Tomcat]
2025-08-29T08:41:08.565+09:00  INFO 22864 --- [MySpringBootLab] [restartedMain] o.apache.catalina.core.StandardEngine    : Starting Servlet engine: [Apache Tomcat/10.1.43]
2025-08-29T08:41:08.579+09:00  INFO 22864 --- [MySpringBootLab] [restartedMain] o.a.c.c.C.[Tomcat].[localhost].[/]       : Initializing Spring embedded WebApplicationContext
2025-08-29T08:41:08.580+09:00  INFO 22864 --- [MySpringBootLab] [restartedMain] w.s.c.ServletWebServerApplicationContext : Root WebApplicationContext: initialization completed in 484 ms
2025-08-29T08:41:08.626+09:00  INFO 22864 --- [MySpringBootLab] [restartedMain] o.hibernate.jpa.internal.util.LogHelper  : HHH000204: Processing PersistenceUnitInfo [name: default]
2025-08-29T08:41:08.631+09:00  INFO 22864 --- [MySpringBootLab] [restartedMain] o.h.c.internal.RegionFactoryInitiator    : HHH000026: Second-level cache disabled
2025-08-29T08:41:08.646+09:00  INFO 22864 --- [MySpringBootLab] [restartedMain] o.s.o.j.p.SpringPersistenceUnitInfo      : No LoadTimeWeaver setup: ignoring JPA class transformer
2025-08-29T08:41:08.648+09:00  INFO 22864 --- [MySpringBootLab] [restartedMain] com.zaxxer.hikari.HikariDataSource       : HikariPool-2 - Starting...
2025-08-29T08:41:08.652+09:00  INFO 22864 --- [MySpringBootLab] [restartedMain] com.zaxxer.hikari.pool.HikariPool        : HikariPool-2 - Added connection org.mariadb.jdbc.Connection@9b1978f
2025-08-29T08:41:08.652+09:00  INFO 22864 --- [MySpringBootLab] [restartedMain] com.zaxxer.hikari.HikariDataSource       : HikariPool-2 - Start completed.
2025-08-29T08:41:08.653+09:00  WARN 22864 --- [MySpringBootLab] [restartedMain] org.hibernate.orm.deprecation            : HHH90000025: MariaDBDialect does not need to be specified explicitly using 'hibernate.dialect' (remove the property setting and it will be selected by default)
2025-08-29T08:41:08.654+09:00  INFO 22864 --- [MySpringBootLab] [restartedMain] org.hibernate.orm.connections.pooling    : HHH10001005: Database info:
	Database JDBC URL [Connecting through datasource 'HikariDataSource (HikariPool-2)']
	Database driver: undefined/unknown
	Database version: 10.11.5
	Autocommit mode: undefined/unknown
	Isolation level: undefined/unknown
	Minimum pool size: undefined/unknown
	Maximum pool size: undefined/unknown
2025-08-29T08:41:08.697+09:00  INFO 22864 --- [MySpringBootLab] [restartedMain] o.h.e.t.j.p.i.JtaPlatformInitiator       : HHH000489: No JTA platform available (set 'hibernate.transaction.jta.platform' to enable JTA platform integration)
2025-08-29T08:41:08.812+09:00  INFO 22864 --- [MySpringBootLab] [restartedMain] j.LocalContainerEntityManagerFactoryBean : Initialized JPA EntityManagerFactory for persistence unit 'default'
2025-08-29T08:41:08.899+09:00  WARN 22864 --- [MySpringBootLab] [restartedMain] JpaBaseConfiguration$JpaWebConfiguration : spring.jpa.open-in-view is enabled by default. Therefore, database queries may be performed during view rendering. Explicitly configure spring.jpa.open-in-view to disable this warning
2025-08-29T08:41:08.944+09:00  WARN 22864 --- [MySpringBootLab] [restartedMain] ion$DefaultTemplateResolverConfiguration : Cannot find template location: classpath:/templates/ (please add some templates, check your Thymeleaf configuration, or set spring.thymeleaf.check-template-location=false)
2025-08-29T08:41:08.976+09:00  INFO 22864 --- [MySpringBootLab] [restartedMain] o.s.b.a.h2.H2ConsoleAutoConfiguration    : H2 console available at '/h2-console'. Database available at 'jdbc:mariadb://127.0.0.1/lab_db?user=lab&password=***'
2025-08-29T08:41:08.979+09:00  INFO 22864 --- [MySpringBootLab] [restartedMain] o.s.b.d.a.OptionalLiveReloadServer       : LiveReload server is running on port 35729
2025-08-29T08:41:08.979+09:00  INFO 22864 --- [MySpringBootLab] [restartedMain] o.s.b.a.e.web.EndpointLinksResolver      : Exposing 1 endpoint beneath base path '/actuator'
2025-08-29T08:41:08.996+09:00  INFO 22864 --- [MySpringBootLab] [restartedMain] o.s.b.w.embedded.tomcat.TomcatWebServer  : Tomcat started on port 8080 (http) with context path '/'
2025-08-29T08:41:08.996+09:00  INFO 22864 --- [MySpringBootLab] [restartedMain] c.r.m.MySpringBootLabApplication         : Started MySpringBootLabApplication in 0.92 seconds (process running for 4280.042)
2025-08-29T08:41:08.996+09:00  INFO 22864 --- [MySpringBootLab] [restartedMain] c.r.m.runner.BookDataInsertRunner        : Starting Book-only data initialization...
2025-08-29T08:41:09.008+09:00  INFO 22864 --- [MySpringBootLab] [restartedMain] c.r.m.runner.BookDataInsertRunner        : Creating books with details (no publisher)...
2025-08-29T08:41:09.031+09:00  INFO 22864 --- [MySpringBootLab] [restartedMain] c.r.m.runner.BookDataInsertRunner        : Created 14 books with/without details
2025-08-29T08:41:09.031+09:00  INFO 22864 --- [MySpringBootLab] [restartedMain] c.r.m.runner.BookDataInsertRunner        : Book-only data initialization completed successfully
2025-08-29T08:41:09.031+09:00  INFO 22864 --- [MySpringBootLab] [restartedMain] c.r.myspringbootlab.runner.MyPropRunner  : MyBootProperties getUsername() = Prod Env
2025-08-29T08:41:09.031+09:00  INFO 22864 --- [MySpringBootLab] [restartedMain] c.r.myspringbootlab.runner.MyPropRunner  : MyBootProperties getPort() = 49
2025-08-29T08:41:09.031+09:00  INFO 22864 --- [MySpringBootLab] [restartedMain] c.r.myspringbootlab.runner.MyPropRunner  : 설정된 Port 번호 = 8080
2025-08-29T08:41:09.031+09:00  INFO 22864 --- [MySpringBootLab] [restartedMain] c.r.myspringbootlab.runner.MyPropRunner  : 현재 활성화된 MyEnvironment Bean = MyEnvironment(mode=운영환경)
2025-08-29T08:41:09.031+09:00  INFO 22864 --- [MySpringBootLab] [restartedMain] .ConditionEvaluationDeltaLoggingListener : Condition evaluation unchanged
2025-08-29T08:41:13.566+09:00  INFO 22864 --- [MySpringBootLab] [SpringApplicationShutdownHook] o.s.b.w.e.tomcat.GracefulShutdown        : Commencing graceful shutdown. Waiting for active requests to complete
2025-08-29T08:41:13.672+09:00  INFO 22864 --- [MySpringBootLab] [tomcat-shutdown] o.s.b.w.e.tomcat.GracefulShutdown        : Graceful shutdown complete
2025-08-29T08:41:13.675+09:00  INFO 22864 --- [MySpringBootLab] [SpringApplicationShutdownHook] j.LocalContainerEntityManagerFactoryBean : Closing JPA EntityManagerFactory for persistence unit 'default'
2025-08-29T08:41:13.676+09:00  INFO 22864 --- [MySpringBootLab] [SpringApplicationShutdownHook] com.zaxxer.hikari.HikariDataSource       : HikariPool-2 - Shutdown initiated...
2025-08-29T08:41:13.679+09:00  INFO 22864 --- [MySpringBootLab] [SpringApplicationShutdownHook] com.zaxxer.hikari.HikariDataSource       : HikariPool-2 - Shutdown completed.
2025-08-29T08:41:15.531+09:00  INFO 30552 --- [MySpringBootLab] [restartedMain] c.r.m.MySpringBootLabApplication         : Starting MySpringBootLabApplication using Java 17.0.2 with PID 30552 (C:\mybackend\SpringBoot\MySpringBootLab\target\classes started by user in C:\mybackend\SpringBoot\MySpringBootLab)
2025-08-29T08:41:15.543+09:00  INFO 30552 --- [MySpringBootLab] [restartedMain] c.r.m.MySpringBootLabApplication         : The following 1 profile is active: "prod"
2025-08-29T08:41:15.593+09:00  INFO 30552 --- [MySpringBootLab] [restartedMain] .e.DevToolsPropertyDefaultsPostProcessor : Devtools property defaults active! Set 'spring.devtools.add-properties' to 'false' to disable
2025-08-29T08:41:15.593+09:00  INFO 30552 --- [MySpringBootLab] [restartedMain] .e.DevToolsPropertyDefaultsPostProcessor : For additional web related logging consider setting the 'logging.level.web' property to 'DEBUG'
2025-08-29T08:41:16.657+09:00  INFO 30552 --- [MySpringBootLab] [restartedMain] .s.d.r.c.RepositoryConfigurationDelegate : Bootstrapping Spring Data JPA repositories in DEFAULT mode.
2025-08-29T08:41:16.724+09:00  INFO 30552 --- [MySpringBootLab] [restartedMain] .s.d.r.c.RepositoryConfigurationDelegate : Finished Spring Data repository scanning in 56 ms. Found 2 JPA repository interfaces.
2025-08-29T08:41:17.436+09:00  INFO 30552 --- [MySpringBootLab] [restartedMain] o.s.b.w.embedded.tomcat.TomcatWebServer  : Tomcat initialized with port 8080 (http)
2025-08-29T08:41:17.453+09:00  INFO 30552 --- [MySpringBootLab] [restartedMain] o.apache.catalina.core.StandardService   : Starting service [Tomcat]
2025-08-29T08:41:17.455+09:00  INFO 30552 --- [MySpringBootLab] [restartedMain] o.apache.catalina.core.StandardEngine    : Starting Servlet engine: [Apache Tomcat/10.1.43]
2025-08-29T08:41:17.499+09:00  INFO 30552 --- [MySpringBootLab] [restartedMain] o.a.c.c.C.[Tomcat].[localhost].[/]       : Initializing Spring embedded WebApplicationContext
2025-08-29T08:41:17.499+09:00  INFO 30552 --- [MySpringBootLab] [restartedMain] w.s.c.ServletWebServerApplicationContext : Root WebApplicationContext: initialization completed in 1906 ms
2025-08-29T08:41:17.791+09:00  INFO 30552 --- [MySpringBootLab] [restartedMain] o.hibernate.jpa.internal.util.LogHelper  : HHH000204: Processing PersistenceUnitInfo [name: default]
2025-08-29T08:41:17.860+09:00  INFO 30552 --- [MySpringBootLab] [restartedMain] org.hibernate.Version                    : HHH000412: Hibernate ORM core version 6.6.22.Final
2025-08-29T08:41:17.892+09:00  INFO 30552 --- [MySpringBootLab] [restartedMain] o.h.c.internal.RegionFactoryInitiator    : HHH000026: Second-level cache disabled
2025-08-29T08:41:18.176+09:00  INFO 30552 --- [MySpringBootLab] [restartedMain] o.s.o.j.p.SpringPersistenceUnitInfo      : No LoadTimeWeaver setup: ignoring JPA class transformer
2025-08-29T08:41:18.201+09:00  INFO 30552 --- [MySpringBootLab] [restartedMain] com.zaxxer.hikari.HikariDataSource       : HikariPool-1 - Starting...
2025-08-29T08:41:18.276+09:00  INFO 30552 --- [MySpringBootLab] [restartedMain] com.zaxxer.hikari.pool.HikariPool        : HikariPool-1 - Added connection org.mariadb.jdbc.Connection@4acdc60d
2025-08-29T08:41:18.276+09:00  INFO 30552 --- [MySpringBootLab] [restartedMain] com.zaxxer.hikari.HikariDataSource       : HikariPool-1 - Start completed.
2025-08-29T08:41:18.292+09:00  WARN 30552 --- [MySpringBootLab] [restartedMain] org.hibernate.orm.deprecation            : HHH90000025: MariaDBDialect does not need to be specified explicitly using 'hibernate.dialect' (remove the property setting and it will be selected by default)
2025-08-29T08:41:18.326+09:00  INFO 30552 --- [MySpringBootLab] [restartedMain] org.hibernate.orm.connections.pooling    : HHH10001005: Database info:
	Database JDBC URL [Connecting through datasource 'HikariDataSource (HikariPool-1)']
	Database driver: undefined/unknown
	Database version: 10.11.5
	Autocommit mode: undefined/unknown
	Isolation level: undefined/unknown
	Minimum pool size: undefined/unknown
	Maximum pool size: undefined/unknown
2025-08-29T08:41:18.925+09:00  INFO 30552 --- [MySpringBootLab] [restartedMain] o.h.e.t.j.p.i.JtaPlatformInitiator       : HHH000489: No JTA platform available (set 'hibernate.transaction.jta.platform' to enable JTA platform integration)
2025-08-29T08:41:19.091+09:00  INFO 30552 --- [MySpringBootLab] [restartedMain] j.LocalContainerEntityManagerFactoryBean : Initialized JPA EntityManagerFactory for persistence unit 'default'
2025-08-29T08:41:19.442+09:00  INFO 30552 --- [MySpringBootLab] [restartedMain] o.s.d.j.r.query.QueryEnhancerFactory     : Hibernate is in classpath; If applicable, HQL parser will be used.
2025-08-29T08:41:19.926+09:00  WARN 30552 --- [MySpringBootLab] [restartedMain] JpaBaseConfiguration$JpaWebConfiguration : spring.jpa.open-in-view is enabled by default. Therefore, database queries may be performed during view rendering. Explicitly configure spring.jpa.open-in-view to disable this warning
2025-08-29T08:41:20.167+09:00  WARN 30552 --- [MySpringBootLab] [restartedMain] ion$DefaultTemplateResolverConfiguration : Cannot find template location: classpath:/templates/ (please add some templates, check your Thymeleaf configuration, or set spring.thymeleaf.check-template-location=false)
2025-08-29T08:41:20.378+09:00  INFO 30552 --- [MySpringBootLab] [restartedMain] o.s.b.a.h2.H2ConsoleAutoConfiguration    : H2 console available at '/h2-console'. Database available at 'jdbc:mariadb://127.0.0.1/lab_db?user=lab&password=***'
2025-08-29T08:41:20.408+09:00  INFO 30552 --- [MySpringBootLab] [restartedMain] o.s.b.d.a.OptionalLiveReloadServer       : LiveReload server is running on port 35729
2025-08-29T08:41:20.408+09:00  INFO 30552 --- [MySpringBootLab] [restartedMain] o.s.b.a.e.web.EndpointLinksResolver      : Exposing 1 endpoint beneath base path '/actuator'
2025-08-29T08:41:20.475+09:00  INFO 30552 --- [MySpringBootLab] [restartedMain] o.s.b.w.embedded.tomcat.TomcatWebServer  : Tomcat started on port 8080 (http) with context path '/'
2025-08-29T08:41:20.492+09:00  INFO 30552 --- [MySpringBootLab] [restartedMain] c.r.m.MySpringBootLabApplication         : Started MySpringBootLabApplication in 5.398 seconds (process running for 6.006)
2025-08-29T08:41:20.541+09:00  INFO 30552 --- [MySpringBootLab] [restartedMain] c.r.m.runner.BookDataInsertRunner        : Starting Book-only data initialization...
2025-08-29T08:41:20.608+09:00  INFO 30552 --- [MySpringBootLab] [restartedMain] c.r.m.runner.BookDataInsertRunner        : Creating books with details (no publisher)...
2025-08-29T08:41:20.658+09:00  INFO 30552 --- [MySpringBootLab] [restartedMain] c.r.m.runner.BookDataInsertRunner        : Created 14 books with/without details
2025-08-29T08:41:20.658+09:00  INFO 30552 --- [MySpringBootLab] [restartedMain] c.r.m.runner.BookDataInsertRunner        : Book-only data initialization completed successfully
2025-08-29T08:41:20.675+09:00  INFO 30552 --- [MySpringBootLab] [restartedMain] c.r.myspringbootlab.runner.MyPropRunner  : MyBootProperties getUsername() = Prod Env
2025-08-29T08:41:20.675+09:00  INFO 30552 --- [MySpringBootLab] [restartedMain] c.r.myspringbootlab.runner.MyPropRunner  : MyBootProperties getPort() = 99
2025-08-29T08:41:20.675+09:00  INFO 30552 --- [MySpringBootLab] [restartedMain] c.r.myspringbootlab.runner.MyPropRunner  : 설정된 Port 번호 = 8080
2025-08-29T08:41:20.675+09:00  INFO 30552 --- [MySpringBootLab] [restartedMain] c.r.myspringbootlab.runner.MyPropRunner  : 현재 활성화된 MyEnvironment Bean = MyEnvironment(mode=운영환경)
2025-08-29T08:43:02.316+09:00  INFO 30552 --- [MySpringBootLab] [http-nio-8080-exec-1] o.a.c.c.C.[Tomcat].[localhost].[/]       : Initializing Spring DispatcherServlet 'dispatcherServlet'
2025-08-29T08:43:02.316+09:00  INFO 30552 --- [MySpringBootLab] [http-nio-8080-exec-1] o.s.web.servlet.DispatcherServlet        : Initializing Servlet 'dispatcherServlet'
2025-08-29T08:43:02.318+09:00  INFO 30552 --- [MySpringBootLab] [http-nio-8080-exec-1] o.s.web.servlet.DispatcherServlet        : Completed initialization in 2 ms
2025-08-29T08:43:29.855+09:00  WARN 30552 --- [MySpringBootLab] [http-nio-8080-exec-4] .m.m.a.ExceptionHandlerExceptionResolver : Resolved [org.springframework.web.bind.MethodArgumentNotValidException: Validation failed for argument [0] in public org.springframework.http.ResponseEntity<com.rookies4.myspringbootlab.controller.dto.BookDTO$Response> com.rookies4.myspringbootlab.controller.BookController.createBook(com.rookies4.myspringbootlab.controller.dto.BookDTO$Request): [Field error in object 'request' on field 'isbn': rejected value [1111111111111111]; codes [Pattern.request.isbn,Pattern.isbn,Pattern.java.lang.String,Pattern]; arguments [org.springframework.context.support.DefaultMessageSourceResolvable: codes [request.isbn,isbn]; arguments []; default message [isbn],[Ljakarta.validation.constraints.Pattern$Flag;@2c1da86e,^(?=(?:\D*\d){10}(?:(?:\D*\d){3})?$)[\d-]+$]; default message [ISBN must be valid (10 or 13 digits, with or without hyphens)]] ]
2025-08-29T08:55:54.922+09:00  WARN 30552 --- [MySpringBootLab] [http-nio-8080-exec-8] .m.m.a.ExceptionHandlerExceptionResolver : Resolved [org.springframework.web.bind.MethodArgumentNotValidException: Validation failed for argument [0] in public org.springframework.http.ResponseEntity<com.rookies4.myspringbootlab.controller.dto.BookDTO$Response> com.rookies4.myspringbootlab.controller.BookController.createBook(com.rookies4.myspringbootlab.controller.dto.BookDTO$Request): [Field error in object 'request' on field 'isbn': rejected value [1111111111111111]; codes [Pattern.request.isbn,Pattern.isbn,Pattern.java.lang.String,Pattern]; arguments [org.springframework.context.support.DefaultMessageSourceResolvable: codes [request.isbn,isbn]; arguments []; default message [isbn],[Ljakarta.validation.constraints.Pattern$Flag;@2c1da86e,^(?=(?:\D*\d){10}(?:(?:\D*\d){3})?$)[\d-]+$]; default message [ISBN must be valid (10 or 13 digits, with or without hyphens)]] ]
2025-08-29T08:56:29.453+09:00  INFO 30552 --- [MySpringBootLab] [SpringApplicationShutdownHook] o.s.b.w.e.tomcat.GracefulShutdown        : Commencing graceful shutdown. Waiting for active requests to complete
2025-08-29T08:56:29.552+09:00  INFO 30552 --- [MySpringBootLab] [tomcat-shutdown] o.s.b.w.e.tomcat.GracefulShutdown        : Graceful shutdown complete
2025-08-29T08:56:29.552+09:00  INFO 30552 --- [MySpringBootLab] [SpringApplicationShutdownHook] j.LocalContainerEntityManagerFactoryBean : Closing JPA EntityManagerFactory for persistence unit 'default'
2025-08-29T08:56:29.552+09:00  INFO 30552 --- [MySpringBootLab] [SpringApplicationShutdownHook] com.zaxxer.hikari.HikariDataSource       : HikariPool-1 - Shutdown initiated...
2025-08-29T08:56:29.552+09:00  INFO 30552 --- [MySpringBootLab] [SpringApplicationShutdownHook] com.zaxxer.hikari.HikariDataSource       : HikariPool-1 - Shutdown completed.
2025-08-29T08:56:31.222+09:00  INFO 16156 --- [MySpringBootLab] [restartedMain] c.r.m.MySpringBootLabApplication         : Starting MySpringBootLabApplication using Java 17.0.2 with PID 16156 (C:\mybackend\SpringBoot\MySpringBootLab\target\classes started by user in C:\mybackend\SpringBoot\MySpringBootLab)
2025-08-29T08:56:31.222+09:00  INFO 16156 --- [MySpringBootLab] [restartedMain] c.r.m.MySpringBootLabApplication         : The following 1 profile is active: "prod"
2025-08-29T08:56:31.279+09:00  INFO 16156 --- [MySpringBootLab] [restartedMain] .e.DevToolsPropertyDefaultsPostProcessor : Devtools property defaults active! Set 'spring.devtools.add-properties' to 'false' to disable
2025-08-29T08:56:31.279+09:00  INFO 16156 --- [MySpringBootLab] [restartedMain] .e.DevToolsPropertyDefaultsPostProcessor : For additional web related logging consider setting the 'logging.level.web' property to 'DEBUG'
2025-08-29T08:56:32.184+09:00  INFO 16156 --- [MySpringBootLab] [restartedMain] .s.d.r.c.RepositoryConfigurationDelegate : Bootstrapping Spring Data JPA repositories in DEFAULT mode.
2025-08-29T08:56:32.251+09:00  INFO 16156 --- [MySpringBootLab] [restartedMain] .s.d.r.c.RepositoryConfigurationDelegate : Finished Spring Data repository scanning in 50 ms. Found 2 JPA repository interfaces.
2025-08-29T08:56:32.918+09:00  INFO 16156 --- [MySpringBootLab] [restartedMain] o.s.b.w.embedded.tomcat.TomcatWebServer  : Tomcat initialized with port 8080 (http)
2025-08-29T08:56:32.934+09:00  INFO 16156 --- [MySpringBootLab] [restartedMain] o.apache.catalina.core.StandardService   : Starting service [Tomcat]
2025-08-29T08:56:32.934+09:00  INFO 16156 --- [MySpringBootLab] [restartedMain] o.apache.catalina.core.StandardEngine    : Starting Servlet engine: [Apache Tomcat/10.1.43]
2025-08-29T08:56:32.988+09:00  INFO 16156 --- [MySpringBootLab] [restartedMain] o.a.c.c.C.[Tomcat].[localhost].[/]       : Initializing Spring embedded WebApplicationContext
2025-08-29T08:56:32.999+09:00  INFO 16156 --- [MySpringBootLab] [restartedMain] w.s.c.ServletWebServerApplicationContext : Root WebApplicationContext: initialization completed in 1720 ms
2025-08-29T08:56:33.334+09:00  INFO 16156 --- [MySpringBootLab] [restartedMain] o.hibernate.jpa.internal.util.LogHelper  : HHH000204: Processing PersistenceUnitInfo [name: default]
2025-08-29T08:56:33.401+09:00  INFO 16156 --- [MySpringBootLab] [restartedMain] org.hibernate.Version                    : HHH000412: Hibernate ORM core version 6.6.22.Final
2025-08-29T08:56:33.450+09:00  INFO 16156 --- [MySpringBootLab] [restartedMain] o.h.c.internal.RegionFactoryInitiator    : HHH000026: Second-level cache disabled
2025-08-29T08:56:33.768+09:00  INFO 16156 --- [MySpringBootLab] [restartedMain] o.s.o.j.p.SpringPersistenceUnitInfo      : No LoadTimeWeaver setup: ignoring JPA class transformer
2025-08-29T08:56:33.785+09:00  INFO 16156 --- [MySpringBootLab] [restartedMain] com.zaxxer.hikari.HikariDataSource       : HikariPool-1 - Starting...
2025-08-29T08:56:33.851+09:00  INFO 16156 --- [MySpringBootLab] [restartedMain] com.zaxxer.hikari.pool.HikariPool        : HikariPool-1 - Added connection org.mariadb.jdbc.Connection@678a2a6
2025-08-29T08:56:33.851+09:00  INFO 16156 --- [MySpringBootLab] [restartedMain] com.zaxxer.hikari.HikariDataSource       : HikariPool-1 - Start completed.
2025-08-29T08:56:33.867+09:00  WARN 16156 --- [MySpringBootLab] [restartedMain] org.hibernate.orm.deprecation            : HHH90000025: MariaDBDialect does not need to be specified explicitly using 'hibernate.dialect' (remove the property setting and it will be selected by default)
2025-08-29T08:56:33.887+09:00  INFO 16156 --- [MySpringBootLab] [restartedMain] org.hibernate.orm.connections.pooling    : HHH10001005: Database info:
	Database JDBC URL [Connecting through datasource 'HikariDataSource (HikariPool-1)']
	Database driver: undefined/unknown
	Database version: 10.11.5
	Autocommit mode: undefined/unknown
	Isolation level: undefined/unknown
	Minimum pool size: undefined/unknown
	Maximum pool size: undefined/unknown
2025-08-29T08:56:34.617+09:00  INFO 16156 --- [MySpringBootLab] [restartedMain] o.h.e.t.j.p.i.JtaPlatformInitiator       : HHH000489: No JTA platform available (set 'hibernate.transaction.jta.platform' to enable JTA platform integration)
2025-08-29T08:56:34.800+09:00  INFO 16156 --- [MySpringBootLab] [restartedMain] j.LocalContainerEntityManagerFactoryBean : Initialized JPA EntityManagerFactory for persistence unit 'default'
2025-08-29T08:56:35.151+09:00  INFO 16156 --- [MySpringBootLab] [restartedMain] o.s.d.j.r.query.QueryEnhancerFactory     : Hibernate is in classpath; If applicable, HQL parser will be used.
2025-08-29T08:56:35.783+09:00  WARN 16156 --- [MySpringBootLab] [restartedMain] JpaBaseConfiguration$JpaWebConfiguration : spring.jpa.open-in-view is enabled by default. Therefore, database queries may be performed during view rendering. Explicitly configure spring.jpa.open-in-view to disable this warning
2025-08-29T08:56:36.033+09:00  WARN 16156 --- [MySpringBootLab] [restartedMain] ion$DefaultTemplateResolverConfiguration : Cannot find template location: classpath:/templates/ (please add some templates, check your Thymeleaf configuration, or set spring.thymeleaf.check-template-location=false)
2025-08-29T08:56:36.233+09:00  INFO 16156 --- [MySpringBootLab] [restartedMain] o.s.b.a.h2.H2ConsoleAutoConfiguration    : H2 console available at '/h2-console'. Database available at 'jdbc:mariadb://127.0.0.1/lab_db?user=lab&password=***'
2025-08-29T08:56:36.290+09:00  INFO 16156 --- [MySpringBootLab] [restartedMain] o.s.b.d.a.OptionalLiveReloadServer       : LiveReload server is running on port 35729
2025-08-29T08:56:36.293+09:00  INFO 16156 --- [MySpringBootLab] [restartedMain] o.s.b.a.e.web.EndpointLinksResolver      : Exposing 1 endpoint beneath base path '/actuator'
2025-08-29T08:56:36.366+09:00  INFO 16156 --- [MySpringBootLab] [restartedMain] o.s.b.w.embedded.tomcat.TomcatWebServer  : Tomcat started on port 8080 (http) with context path '/'
2025-08-29T08:56:36.383+09:00  INFO 16156 --- [MySpringBootLab] [restartedMain] c.r.m.MySpringBootLabApplication         : Started MySpringBootLabApplication in 5.583 seconds (process running for 6.046)
2025-08-29T08:56:36.416+09:00  INFO 16156 --- [MySpringBootLab] [restartedMain] c.r.m.runner.BookDataInsertRunner        : Starting Book-only data initialization...
2025-08-29T08:56:36.516+09:00  INFO 16156 --- [MySpringBootLab] [restartedMain] c.r.m.runner.BookDataInsertRunner        : Creating books with details (no publisher)...
2025-08-29T08:56:36.567+09:00  INFO 16156 --- [MySpringBootLab] [restartedMain] c.r.m.runner.BookDataInsertRunner        : Created 14 books with/without details
2025-08-29T08:56:36.567+09:00  INFO 16156 --- [MySpringBootLab] [restartedMain] c.r.m.runner.BookDataInsertRunner        : Book-only data initialization completed successfully
2025-08-29T08:56:36.587+09:00  INFO 16156 --- [MySpringBootLab] [restartedMain] c.r.myspringbootlab.runner.MyPropRunner  : MyBootProperties getUsername() = Prod Env
2025-08-29T08:56:36.587+09:00  INFO 16156 --- [MySpringBootLab] [restartedMain] c.r.myspringbootlab.runner.MyPropRunner  : MyBootProperties getPort() = 33
2025-08-29T08:56:36.587+09:00  INFO 16156 --- [MySpringBootLab] [restartedMain] c.r.myspringbootlab.runner.MyPropRunner  : 설정된 Port 번호 = 8080
2025-08-29T08:56:36.587+09:00  INFO 16156 --- [MySpringBootLab] [restartedMain] c.r.myspringbootlab.runner.MyPropRunner  : 현재 활성화된 MyEnvironment Bean = MyEnvironment(mode=운영환경)
2025-08-29T08:57:08.296+09:00  INFO 16156 --- [MySpringBootLab] [File Watcher] rtingClassPathChangeChangedEventListener : Restarting due to 2 class path changes (0 additions, 2 deletions, 0 modifications)
2025-08-29T08:57:08.298+09:00  INFO 16156 --- [MySpringBootLab] [Thread-5] o.s.b.w.e.tomcat.GracefulShutdown        : Commencing graceful shutdown. Waiting for active requests to complete
2025-08-29T08:57:08.406+09:00  INFO 16156 --- [MySpringBootLab] [tomcat-shutdown] o.s.b.w.e.tomcat.GracefulShutdown        : Graceful shutdown complete
2025-08-29T08:57:08.414+09:00  INFO 16156 --- [MySpringBootLab] [Thread-5] j.LocalContainerEntityManagerFactoryBean : Closing JPA EntityManagerFactory for persistence unit 'default'
2025-08-29T08:57:08.415+09:00  INFO 16156 --- [MySpringBootLab] [Thread-5] com.zaxxer.hikari.HikariDataSource       : HikariPool-1 - Shutdown initiated...
2025-08-29T08:57:08.420+09:00  INFO 16156 --- [MySpringBootLab] [Thread-5] com.zaxxer.hikari.HikariDataSource       : HikariPool-1 - Shutdown completed.
2025-08-29T08:57:08.472+09:00  INFO 16156 --- [MySpringBootLab] [restartedMain] c.r.m.MySpringBootLabApplication         : Starting MySpringBootLabApplication using Java 17.0.2 with PID 16156 (C:\mybackend\SpringBoot\MySpringBootLab\target\classes started by user in C:\mybackend\SpringBoot\MySpringBootLab)
2025-08-29T08:57:08.472+09:00  INFO 16156 --- [MySpringBootLab] [restartedMain] c.r.m.MySpringBootLabApplication         : The following 1 profile is active: "prod"
2025-08-29T08:57:08.745+09:00  INFO 16156 --- [MySpringBootLab] [restartedMain] .s.d.r.c.RepositoryConfigurationDelegate : Bootstrapping Spring Data JPA repositories in DEFAULT mode.
2025-08-29T08:57:08.766+09:00  INFO 16156 --- [MySpringBootLab] [restartedMain] .s.d.r.c.RepositoryConfigurationDelegate : Finished Spring Data repository scanning in 13 ms. Found 2 JPA repository interfaces.
2025-08-29T08:57:08.856+09:00  INFO 16156 --- [MySpringBootLab] [restartedMain] o.s.b.w.embedded.tomcat.TomcatWebServer  : Tomcat initialized with port 8080 (http)
2025-08-29T08:57:08.856+09:00  INFO 16156 --- [MySpringBootLab] [restartedMain] o.apache.catalina.core.StandardService   : Starting service [Tomcat]
2025-08-29T08:57:08.856+09:00  INFO 16156 --- [MySpringBootLab] [restartedMain] o.apache.catalina.core.StandardEngine    : Starting Servlet engine: [Apache Tomcat/10.1.43]
2025-08-29T08:57:08.864+09:00  INFO 16156 --- [MySpringBootLab] [restartedMain] o.a.c.c.C.[Tomcat].[localhost].[/]       : Initializing Spring embedded WebApplicationContext
2025-08-29T08:57:08.868+09:00  INFO 16156 --- [MySpringBootLab] [restartedMain] w.s.c.ServletWebServerApplicationContext : Root WebApplicationContext: initialization completed in 396 ms
2025-08-29T08:57:08.922+09:00  INFO 16156 --- [MySpringBootLab] [restartedMain] o.hibernate.jpa.internal.util.LogHelper  : HHH000204: Processing PersistenceUnitInfo [name: default]
2025-08-29T08:57:08.927+09:00  INFO 16156 --- [MySpringBootLab] [restartedMain] o.h.c.internal.RegionFactoryInitiator    : HHH000026: Second-level cache disabled
2025-08-29T08:57:08.927+09:00  INFO 16156 --- [MySpringBootLab] [restartedMain] o.s.o.j.p.SpringPersistenceUnitInfo      : No LoadTimeWeaver setup: ignoring JPA class transformer
2025-08-29T08:57:08.937+09:00  INFO 16156 --- [MySpringBootLab] [restartedMain] com.zaxxer.hikari.HikariDataSource       : HikariPool-2 - Starting...
2025-08-29T08:57:08.940+09:00  INFO 16156 --- [MySpringBootLab] [restartedMain] com.zaxxer.hikari.pool.HikariPool        : HikariPool-2 - Added connection org.mariadb.jdbc.Connection@4c8b4665
2025-08-29T08:57:08.940+09:00  INFO 16156 --- [MySpringBootLab] [restartedMain] com.zaxxer.hikari.HikariDataSource       : HikariPool-2 - Start completed.
2025-08-29T08:57:08.940+09:00  WARN 16156 --- [MySpringBootLab] [restartedMain] org.hibernate.orm.deprecation            : HHH90000025: MariaDBDialect does not need to be specified explicitly using 'hibernate.dialect' (remove the property setting and it will be selected by default)
2025-08-29T08:57:08.940+09:00  INFO 16156 --- [MySpringBootLab] [restartedMain] org.hibernate.orm.connections.pooling    : HHH10001005: Database info:
	Database JDBC URL [Connecting through datasource 'HikariDataSource (HikariPool-2)']
	Database driver: undefined/unknown
	Database version: 10.11.5
	Autocommit mode: undefined/unknown
	Isolation level: undefined/unknown
	Minimum pool size: undefined/unknown
	Maximum pool size: undefined/unknown
2025-08-29T08:57:08.991+09:00  INFO 16156 --- [MySpringBootLab] [restartedMain] o.h.e.t.j.p.i.JtaPlatformInitiator       : HHH000489: No JTA platform available (set 'hibernate.transaction.jta.platform' to enable JTA platform integration)
2025-08-29T08:57:09.106+09:00  INFO 16156 --- [MySpringBootLab] [restartedMain] j.LocalContainerEntityManagerFactoryBean : Initialized JPA EntityManagerFactory for persistence unit 'default'
2025-08-29T08:57:09.204+09:00  WARN 16156 --- [MySpringBootLab] [restartedMain] JpaBaseConfiguration$JpaWebConfiguration : spring.jpa.open-in-view is enabled by default. Therefore, database queries may be performed during view rendering. Explicitly configure spring.jpa.open-in-view to disable this warning
2025-08-29T08:57:09.273+09:00  WARN 16156 --- [MySpringBootLab] [restartedMain] ion$DefaultTemplateResolverConfiguration : Cannot find template location: classpath:/templates/ (please add some templates, check your Thymeleaf configuration, or set spring.thymeleaf.check-template-location=false)
2025-08-29T08:57:09.325+09:00  INFO 16156 --- [MySpringBootLab] [restartedMain] o.s.b.a.h2.H2ConsoleAutoConfiguration    : H2 console available at '/h2-console'. Database available at 'jdbc:mariadb://127.0.0.1/lab_db?user=lab&password=***'
2025-08-29T08:57:09.330+09:00  INFO 16156 --- [MySpringBootLab] [restartedMain] o.s.b.d.a.OptionalLiveReloadServer       : LiveReload server is running on port 35729
2025-08-29T08:57:09.330+09:00  INFO 16156 --- [MySpringBootLab] [restartedMain] o.s.b.a.e.web.EndpointLinksResolver      : Exposing 1 endpoint beneath base path '/actuator'
2025-08-29T08:57:09.344+09:00  INFO 16156 --- [MySpringBootLab] [restartedMain] o.s.b.w.embedded.tomcat.TomcatWebServer  : Tomcat started on port 8080 (http) with context path '/'
2025-08-29T08:57:09.352+09:00  INFO 16156 --- [MySpringBootLab] [restartedMain] c.r.m.MySpringBootLabApplication         : Started MySpringBootLabApplication in 0.893 seconds (process running for 39.016)
2025-08-29T08:57:09.355+09:00  INFO 16156 --- [MySpringBootLab] [restartedMain] c.r.m.runner.BookDataInsertRunner        : Starting Book-only data initialization...
2025-08-29T08:57:09.358+09:00  INFO 16156 --- [MySpringBootLab] [restartedMain] c.r.m.runner.BookDataInsertRunner        : Creating books with details (no publisher)...
2025-08-29T08:57:09.389+09:00  INFO 16156 --- [MySpringBootLab] [restartedMain] c.r.m.runner.BookDataInsertRunner        : Created 14 books with/without details
2025-08-29T08:57:09.389+09:00  INFO 16156 --- [MySpringBootLab] [restartedMain] c.r.m.runner.BookDataInsertRunner        : Book-only data initialization completed successfully
2025-08-29T08:57:09.389+09:00  INFO 16156 --- [MySpringBootLab] [restartedMain] c.r.myspringbootlab.runner.MyPropRunner  : MyBootProperties getUsername() = Prod Env
2025-08-29T08:57:09.389+09:00  INFO 16156 --- [MySpringBootLab] [restartedMain] c.r.myspringbootlab.runner.MyPropRunner  : MyBootProperties getPort() = 23
2025-08-29T08:57:09.389+09:00  INFO 16156 --- [MySpringBootLab] [restartedMain] c.r.myspringbootlab.runner.MyPropRunner  : 설정된 Port 번호 = 8080
2025-08-29T08:57:09.389+09:00  INFO 16156 --- [MySpringBootLab] [restartedMain] c.r.myspringbootlab.runner.MyPropRunner  : 현재 활성화된 MyEnvironment Bean = MyEnvironment(mode=운영환경)
2025-08-29T08:57:09.389+09:00  INFO 16156 --- [MySpringBootLab] [restartedMain] .ConditionEvaluationDeltaLoggingListener : Condition evaluation unchanged
2025-08-29T08:57:10.769+09:00  INFO 16156 --- [MySpringBootLab] [File Watcher] rtingClassPathChangeChangedEventListener : Restarting due to 2 class path changes (2 additions, 0 deletions, 0 modifications)
2025-08-29T08:57:10.773+09:00  INFO 16156 --- [MySpringBootLab] [Thread-7] o.s.b.w.e.tomcat.GracefulShutdown        : Commencing graceful shutdown. Waiting for active requests to complete
2025-08-29T08:57:10.879+09:00  INFO 16156 --- [MySpringBootLab] [tomcat-shutdown] o.s.b.w.e.tomcat.GracefulShutdown        : Graceful shutdown complete
2025-08-29T08:57:10.879+09:00  INFO 16156 --- [MySpringBootLab] [Thread-7] j.LocalContainerEntityManagerFactoryBean : Closing JPA EntityManagerFactory for persistence unit 'default'
2025-08-29T08:57:10.879+09:00  INFO 16156 --- [MySpringBootLab] [Thread-7] com.zaxxer.hikari.HikariDataSource       : HikariPool-2 - Shutdown initiated...
2025-08-29T08:57:10.883+09:00  INFO 16156 --- [MySpringBootLab] [Thread-7] com.zaxxer.hikari.HikariDataSource       : HikariPool-2 - Shutdown completed.
2025-08-29T08:57:10.964+09:00  INFO 16156 --- [MySpringBootLab] [restartedMain] c.r.m.MySpringBootLabApplication         : Starting MySpringBootLabApplication using Java 17.0.2 with PID 16156 (C:\mybackend\SpringBoot\MySpringBootLab\target\classes started by user in C:\mybackend\SpringBoot\MySpringBootLab)
2025-08-29T08:57:10.964+09:00  INFO 16156 --- [MySpringBootLab] [restartedMain] c.r.m.MySpringBootLabApplication         : The following 1 profile is active: "prod"
2025-08-29T08:57:11.167+09:00  INFO 16156 --- [MySpringBootLab] [restartedMain] .s.d.r.c.RepositoryConfigurationDelegate : Bootstrapping Spring Data JPA repositories in DEFAULT mode.
2025-08-29T08:57:11.179+09:00  INFO 16156 --- [MySpringBootLab] [restartedMain] .s.d.r.c.RepositoryConfigurationDelegate : Finished Spring Data repository scanning in 10 ms. Found 2 JPA repository interfaces.
2025-08-29T08:57:11.246+09:00  INFO 16156 --- [MySpringBootLab] [restartedMain] o.s.b.w.embedded.tomcat.TomcatWebServer  : Tomcat initialized with port 8080 (http)
2025-08-29T08:57:11.246+09:00  INFO 16156 --- [MySpringBootLab] [restartedMain] o.apache.catalina.core.StandardService   : Starting service [Tomcat]
2025-08-29T08:57:11.246+09:00  INFO 16156 --- [MySpringBootLab] [restartedMain] o.apache.catalina.core.StandardEngine    : Starting Servlet engine: [Apache Tomcat/10.1.43]
2025-08-29T08:57:11.259+09:00  INFO 16156 --- [MySpringBootLab] [restartedMain] o.a.c.c.C.[Tomcat].[localhost].[/]       : Initializing Spring embedded WebApplicationContext
2025-08-29T08:57:11.259+09:00  INFO 16156 --- [MySpringBootLab] [restartedMain] w.s.c.ServletWebServerApplicationContext : Root WebApplicationContext: initialization completed in 293 ms
2025-08-29T08:57:11.311+09:00  INFO 16156 --- [MySpringBootLab] [restartedMain] o.hibernate.jpa.internal.util.LogHelper  : HHH000204: Processing PersistenceUnitInfo [name: default]
2025-08-29T08:57:11.311+09:00  INFO 16156 --- [MySpringBootLab] [restartedMain] o.h.c.internal.RegionFactoryInitiator    : HHH000026: Second-level cache disabled
2025-08-29T08:57:11.316+09:00  INFO 16156 --- [MySpringBootLab] [restartedMain] o.s.o.j.p.SpringPersistenceUnitInfo      : No LoadTimeWeaver setup: ignoring JPA class transformer
2025-08-29T08:57:11.318+09:00  INFO 16156 --- [MySpringBootLab] [restartedMain] com.zaxxer.hikari.HikariDataSource       : HikariPool-3 - Starting...
2025-08-29T08:57:11.318+09:00  INFO 16156 --- [MySpringBootLab] [restartedMain] com.zaxxer.hikari.pool.HikariPool        : HikariPool-3 - Added connection org.mariadb.jdbc.Connection@764fca48
2025-08-29T08:57:11.321+09:00  INFO 16156 --- [MySpringBootLab] [restartedMain] com.zaxxer.hikari.HikariDataSource       : HikariPool-3 - Start completed.
2025-08-29T08:57:11.322+09:00  WARN 16156 --- [MySpringBootLab] [restartedMain] org.hibernate.orm.deprecation            : HHH90000025: MariaDBDialect does not need to be specified explicitly using 'hibernate.dialect' (remove the property setting and it will be selected by default)
2025-08-29T08:57:11.323+09:00  INFO 16156 --- [MySpringBootLab] [restartedMain] org.hibernate.orm.connections.pooling    : HHH10001005: Database info:
	Database JDBC URL [Connecting through datasource 'HikariDataSource (HikariPool-3)']
	Database driver: undefined/unknown
	Database version: 10.11.5
	Autocommit mode: undefined/unknown
	Isolation level: undefined/unknown
	Minimum pool size: undefined/unknown
	Maximum pool size: undefined/unknown
2025-08-29T08:57:11.367+09:00  INFO 16156 --- [MySpringBootLab] [restartedMain] o.h.e.t.j.p.i.JtaPlatformInitiator       : HHH000489: No JTA platform available (set 'hibernate.transaction.jta.platform' to enable JTA platform integration)
2025-08-29T08:57:11.499+09:00  INFO 16156 --- [MySpringBootLab] [restartedMain] j.LocalContainerEntityManagerFactoryBean : Initialized JPA EntityManagerFactory for persistence unit 'default'
2025-08-29T08:57:11.595+09:00  WARN 16156 --- [MySpringBootLab] [restartedMain] JpaBaseConfiguration$JpaWebConfiguration : spring.jpa.open-in-view is enabled by default. Therefore, database queries may be performed during view rendering. Explicitly configure spring.jpa.open-in-view to disable this warning
2025-08-29T08:57:11.626+09:00  WARN 16156 --- [MySpringBootLab] [restartedMain] ion$DefaultTemplateResolverConfiguration : Cannot find template location: classpath:/templates/ (please add some templates, check your Thymeleaf configuration, or set spring.thymeleaf.check-template-location=false)
2025-08-29T08:57:11.648+09:00  INFO 16156 --- [MySpringBootLab] [restartedMain] o.s.b.a.h2.H2ConsoleAutoConfiguration    : H2 console available at '/h2-console'. Database available at 'jdbc:mariadb://127.0.0.1/lab_db?user=lab&password=***'
2025-08-29T08:57:11.655+09:00  INFO 16156 --- [MySpringBootLab] [restartedMain] o.s.b.d.a.OptionalLiveReloadServer       : LiveReload server is running on port 35729
2025-08-29T08:57:11.657+09:00  INFO 16156 --- [MySpringBootLab] [restartedMain] o.s.b.a.e.web.EndpointLinksResolver      : Exposing 1 endpoint beneath base path '/actuator'
2025-08-29T08:57:11.666+09:00  INFO 16156 --- [MySpringBootLab] [restartedMain] o.s.b.w.embedded.tomcat.TomcatWebServer  : Tomcat started on port 8080 (http) with context path '/'
2025-08-29T08:57:11.666+09:00  INFO 16156 --- [MySpringBootLab] [restartedMain] c.r.m.MySpringBootLabApplication         : Started MySpringBootLabApplication in 0.737 seconds (process running for 41.333)
2025-08-29T08:57:11.671+09:00  INFO 16156 --- [MySpringBootLab] [restartedMain] c.r.m.runner.BookDataInsertRunner        : Starting Book-only data initialization...
2025-08-29T08:57:11.672+09:00  INFO 16156 --- [MySpringBootLab] [restartedMain] c.r.m.runner.BookDataInsertRunner        : Creating books with details (no publisher)...
2025-08-29T08:57:11.688+09:00  INFO 16156 --- [MySpringBootLab] [restartedMain] c.r.m.runner.BookDataInsertRunner        : Created 14 books with/without details
2025-08-29T08:57:11.688+09:00  INFO 16156 --- [MySpringBootLab] [restartedMain] c.r.m.runner.BookDataInsertRunner        : Book-only data initialization completed successfully
2025-08-29T08:57:11.688+09:00  INFO 16156 --- [MySpringBootLab] [restartedMain] c.r.myspringbootlab.runner.MyPropRunner  : MyBootProperties getUsername() = Prod Env
2025-08-29T08:57:11.688+09:00  INFO 16156 --- [MySpringBootLab] [restartedMain] c.r.myspringbootlab.runner.MyPropRunner  : MyBootProperties getPort() = 41
2025-08-29T08:57:11.688+09:00  INFO 16156 --- [MySpringBootLab] [restartedMain] c.r.myspringbootlab.runner.MyPropRunner  : 설정된 Port 번호 = 8080
2025-08-29T08:57:11.688+09:00  INFO 16156 --- [MySpringBootLab] [restartedMain] c.r.myspringbootlab.runner.MyPropRunner  : 현재 활성화된 MyEnvironment Bean = MyEnvironment(mode=운영환경)
2025-08-29T08:57:11.688+09:00  INFO 16156 --- [MySpringBootLab] [restartedMain] .ConditionEvaluationDeltaLoggingListener : Condition evaluation unchanged
2025-08-29T08:59:37.589+09:00  INFO 16156 --- [MySpringBootLab] [http-nio-8080-exec-1] o.a.c.c.C.[Tomcat].[localhost].[/]       : Initializing Spring DispatcherServlet 'dispatcherServlet'
2025-08-29T08:59:37.589+09:00  INFO 16156 --- [MySpringBootLab] [http-nio-8080-exec-1] o.s.web.servlet.DispatcherServlet        : Initializing Servlet 'dispatcherServlet'
2025-08-29T08:59:37.589+09:00  INFO 16156 --- [MySpringBootLab] [http-nio-8080-exec-1] o.s.web.servlet.DispatcherServlet        : Completed initialization in 0 ms
2025-08-29T08:59:37.812+09:00  WARN 16156 --- [MySpringBootLab] [http-nio-8080-exec-3] .m.m.a.ExceptionHandlerExceptionResolver : Resolved [org.springframework.web.bind.MethodArgumentNotValidException: Validation failed for argument [0] in public org.springframework.http.ResponseEntity<com.rookies4.myspringbootlab.controller.dto.BookDTO$Response> com.rookies4.myspringbootlab.controller.BookController.createBook(com.rookies4.myspringbootlab.controller.dto.BookDTO$Request): [Field error in object 'request' on field 'isbn': rejected value [1111111111111111]; codes [Pattern.request.isbn,Pattern.isbn,Pattern.java.lang.String,Pattern]; arguments [org.springframework.context.support.DefaultMessageSourceResolvable: codes [request.isbn,isbn]; arguments []; default message [isbn],[Ljakarta.validation.constraints.Pattern$Flag;@390549ee,^(?=(?:\D*\d){10}(?:(?:\D*\d){3})?$)[\d-]+$]; default message [ISBN must be valid (10 or 13 digits, with or without hyphens)]] ]
2025-08-29T09:09:20.079+09:00 ERROR 16156 --- [MySpringBootLab] [http-nio-8080-exec-5] c.r.m.e.advice.DefaultExceptionAdvice    : Book already exists with ISBN: 9780132350884

com.rookies4.myspringbootlab.exception.BusinessException: Book already exists with ISBN: 9780132350884
	at com.rookies4.myspringbootlab.service.BookService.createBook(BookService.java:64) ~[classes/:na]
	at java.base/jdk.internal.reflect.NativeMethodAccessorImpl.invoke0(Native Method) ~[na:na]
	at java.base/jdk.internal.reflect.NativeMethodAccessorImpl.invoke(NativeMethodAccessorImpl.java:77) ~[na:na]
	at java.base/jdk.internal.reflect.DelegatingMethodAccessorImpl.invoke(DelegatingMethodAccessorImpl.java:43) ~[na:na]
	at java.base/java.lang.reflect.Method.invoke(Method.java:568) ~[na:na]
	at org.springframework.aop.support.AopUtils.invokeJoinpointUsingReflection(AopUtils.java:360) ~[spring-aop-6.2.9.jar:6.2.9]
	at org.springframework.aop.framework.ReflectiveMethodInvocation.invokeJoinpoint(ReflectiveMethodInvocation.java:196) ~[spring-aop-6.2.9.jar:6.2.9]
	at org.springframework.aop.framework.ReflectiveMethodInvocation.proceed(ReflectiveMethodInvocation.java:163) ~[spring-aop-6.2.9.jar:6.2.9]
	at org.springframework.transaction.interceptor.TransactionAspectSupport.invokeWithinTransaction(TransactionAspectSupport.java:380) ~[spring-tx-6.2.9.jar:6.2.9]
	at org.springframework.transaction.interceptor.TransactionInterceptor.invoke(TransactionInterceptor.java:119) ~[spring-tx-6.2.9.jar:6.2.9]
	at org.springframework.aop.framework.ReflectiveMethodInvocation.proceed(ReflectiveMethodInvocation.java:184) ~[spring-aop-6.2.9.jar:6.2.9]
	at org.springframework.aop.framework.CglibAopProxy$DynamicAdvisedInterceptor.intercept(CglibAopProxy.java:728) ~[spring-aop-6.2.9.jar:6.2.9]
	at com.rookies4.myspringbootlab.service.BookService$$SpringCGLIB$$0.createBook(<generated>) ~[classes/:na]
	at com.rookies4.myspringbootlab.controller.BookController.createBook(BookController.java:53) ~[classes/:na]
	at java.base/jdk.internal.reflect.NativeMethodAccessorImpl.invoke0(Native Method) ~[na:na]
	at java.base/jdk.internal.reflect.NativeMethodAccessorImpl.invoke(NativeMethodAccessorImpl.java:77) ~[na:na]
	at java.base/jdk.internal.reflect.DelegatingMethodAccessorImpl.invoke(DelegatingMethodAccessorImpl.java:43) ~[na:na]
	at java.base/java.lang.reflect.Method.invoke(Method.java:568) ~[na:na]
	at org.springframework.web.method.support.InvocableHandlerMethod.doInvoke(InvocableHandlerMethod.java:258) ~[spring-web-6.2.9.jar:6.2.9]
	at org.springframework.web.method.support.InvocableHandlerMethod.invokeForRequest(InvocableHandlerMethod.java:191) ~[spring-web-6.2.9.jar:6.2.9]
	at org.springframework.web.servlet.mvc.method.annotation.ServletInvocableHandlerMethod.invokeAndHandle(ServletInvocableHandlerMethod.java:118) ~[spring-webmvc-6.2.9.jar:6.2.9]
	at org.springframework.web.servlet.mvc.method.annotation.RequestMappingHandlerAdapter.invokeHandlerMethod(RequestMappingHandlerAdapter.java:991) ~[spring-webmvc-6.2.9.jar:6.2.9]
	at org.springframework.web.servlet.mvc.method.annotation.RequestMappingHandlerAdapter.handleInternal(RequestMappingHandlerAdapter.java:896) ~[spring-webmvc-6.2.9.jar:6.2.9]
	at org.springframework.web.servlet.mvc.method.AbstractHandlerMethodAdapter.handle(AbstractHandlerMethodAdapter.java:87) ~[spring-webmvc-6.2.9.jar:6.2.9]
	at org.springframework.web.servlet.DispatcherServlet.doDispatch(DispatcherServlet.java:1089) ~[spring-webmvc-6.2.9.jar:6.2.9]
	at org.springframework.web.servlet.DispatcherServlet.doService(DispatcherServlet.java:979) ~[spring-webmvc-6.2.9.jar:6.2.9]
	at org.springframework.web.servlet.FrameworkServlet.processRequest(FrameworkServlet.java:1014) ~[spring-webmvc-6.2.9.jar:6.2.9]
	at org.springframework.web.servlet.FrameworkServlet.doPost(FrameworkServlet.java:914) ~[spring-webmvc-6.2.9.jar:6.2.9]
	at jakarta.servlet.http.HttpServlet.service(HttpServlet.java:590) ~[tomcat-embed-core-10.1.43.jar:6.0]
	at org.springframework.web.servlet.FrameworkServlet.service(FrameworkServlet.java:885) ~[spring-webmvc-6.2.9.jar:6.2.9]
	at jakarta.servlet.http.HttpServlet.service(HttpServlet.java:658) ~[tomcat-embed-core-10.1.43.jar:6.0]
	at org.apache.catalina.core.ApplicationFilterChain.internalDoFilter(ApplicationFilterChain.java:195) ~[tomcat-embed-core-10.1.43.jar:10.1.43]
	at org.apache.catalina.core.ApplicationFilterChain.doFilter(ApplicationFilterChain.java:140) ~[tomcat-embed-core-10.1.43.jar:10.1.43]
	at org.apache.tomcat.websocket.server.WsFilter.doFilter(WsFilter.java:51) ~[tomcat-embed-websocket-10.1.43.jar:10.1.43]
	at org.apache.catalina.core.ApplicationFilterChain.internalDoFilter(ApplicationFilterChain.java:164) ~[tomcat-embed-core-10.1.43.jar:10.1.43]
	at org.apache.catalina.core.ApplicationFilterChain.doFilter(ApplicationFilterChain.java:140) ~[tomcat-embed-core-10.1.43.jar:10.1.43]
	at org.springframework.web.filter.CorsFilter.doFilterInternal(CorsFilter.java:91) ~[spring-web-6.2.9.jar:6.2.9]
	at org.springframework.web.filter.OncePerRequestFilter.doFilter(OncePerRequestFilter.java:116) ~[spring-web-6.2.9.jar:6.2.9]
	at org.apache.catalina.core.ApplicationFilterChain.internalDoFilter(ApplicationFilterChain.java:164) ~[tomcat-embed-core-10.1.43.jar:10.1.43]
	at org.apache.catalina.core.ApplicationFilterChain.doFilter(ApplicationFilterChain.java:140) ~[tomcat-embed-core-10.1.43.jar:10.1.43]
	at org.springframework.web.filter.RequestContextFilter.doFilterInternal(RequestContextFilter.java:100) ~[spring-web-6.2.9.jar:6.2.9]
	at org.springframework.web.filter.OncePerRequestFilter.doFilter(OncePerRequestFilter.java:116) ~[spring-web-6.2.9.jar:6.2.9]
	at org.apache.catalina.core.ApplicationFilterChain.internalDoFilter(ApplicationFilterChain.java:164) ~[tomcat-embed-core-10.1.43.jar:10.1.43]
	at org.apache.catalina.core.ApplicationFilterChain.doFilter(ApplicationFilterChain.java:140) ~[tomcat-embed-core-10.1.43.jar:10.1.43]
	at org.springframework.web.filter.FormContentFilter.doFilterInternal(FormContentFilter.java:93) ~[spring-web-6.2.9.jar:6.2.9]
	at org.springframework.web.filter.OncePerRequestFilter.doFilter(OncePerRequestFilter.java:116) ~[spring-web-6.2.9.jar:6.2.9]
	at org.apache.catalina.core.ApplicationFilterChain.internalDoFilter(ApplicationFilterChain.java:164) ~[tomcat-embed-core-10.1.43.jar:10.1.43]
	at org.apache.catalina.core.ApplicationFilterChain.doFilter(ApplicationFilterChain.java:140) ~[tomcat-embed-core-10.1.43.jar:10.1.43]
	at org.springframework.web.filter.ServerHttpObservationFilter.doFilterInternal(ServerHttpObservationFilter.java:110) ~[spring-web-6.2.9.jar:6.2.9]
	at org.springframework.web.filter.OncePerRequestFilter.doFilter(OncePerRequestFilter.java:116) ~[spring-web-6.2.9.jar:6.2.9]
	at org.apache.catalina.core.ApplicationFilterChain.internalDoFilter(ApplicationFilterChain.java:164) ~[tomcat-embed-core-10.1.43.jar:10.1.43]
	at org.apache.catalina.core.ApplicationFilterChain.doFilter(ApplicationFilterChain.java:140) ~[tomcat-embed-core-10.1.43.jar:10.1.43]
	at org.springframework.web.filter.CharacterEncodingFilter.doFilterInternal(CharacterEncodingFilter.java:201) ~[spring-web-6.2.9.jar:6.2.9]
	at org.springframework.web.filter.OncePerRequestFilter.doFilter(OncePerRequestFilter.java:116) ~[spring-web-6.2.9.jar:6.2.9]
	at org.apache.catalina.core.ApplicationFilterChain.internalDoFilter(ApplicationFilterChain.java:164) ~[tomcat-embed-core-10.1.43.jar:10.1.43]
	at org.apache.catalina.core.ApplicationFilterChain.doFilter(ApplicationFilterChain.java:140) ~[tomcat-embed-core-10.1.43.jar:10.1.43]
	at org.apache.catalina.core.StandardWrapperValve.invoke(StandardWrapperValve.java:167) ~[tomcat-embed-core-10.1.43.jar:10.1.43]
	at org.apache.catalina.core.StandardContextValve.invoke(StandardContextValve.java:90) ~[tomcat-embed-core-10.1.43.jar:10.1.43]
	at org.apache.catalina.authenticator.AuthenticatorBase.invoke(AuthenticatorBase.java:483) ~[tomcat-embed-core-10.1.43.jar:10.1.43]
	at org.apache.catalina.core.StandardHostValve.invoke(StandardHostValve.java:116) ~[tomcat-embed-core-10.1.43.jar:10.1.43]
	at org.apache.catalina.valves.ErrorReportValve.invoke(ErrorReportValve.java:93) ~[tomcat-embed-core-10.1.43.jar:10.1.43]
	at org.apache.catalina.core.StandardEngineValve.invoke(StandardEngineValve.java:74) ~[tomcat-embed-core-10.1.43.jar:10.1.43]
	at org.apache.catalina.connector.CoyoteAdapter.service(CoyoteAdapter.java:344) ~[tomcat-embed-core-10.1.43.jar:10.1.43]
	at org.apache.coyote.http11.Http11Processor.service(Http11Processor.java:398) ~[tomcat-embed-core-10.1.43.jar:10.1.43]
	at org.apache.coyote.AbstractProcessorLight.process(AbstractProcessorLight.java:63) ~[tomcat-embed-core-10.1.43.jar:10.1.43]
	at org.apache.coyote.AbstractProtocol$ConnectionHandler.process(AbstractProtocol.java:903) ~[tomcat-embed-core-10.1.43.jar:10.1.43]
	at org.apache.tomcat.util.net.NioEndpoint$SocketProcessor.doRun(NioEndpoint.java:1769) ~[tomcat-embed-core-10.1.43.jar:10.1.43]
	at org.apache.tomcat.util.net.SocketProcessorBase.run(SocketProcessorBase.java:52) ~[tomcat-embed-core-10.1.43.jar:10.1.43]
	at org.apache.tomcat.util.threads.ThreadPoolExecutor.runWorker(ThreadPoolExecutor.java:1189) ~[tomcat-embed-core-10.1.43.jar:10.1.43]
	at org.apache.tomcat.util.threads.ThreadPoolExecutor$Worker.run(ThreadPoolExecutor.java:658) ~[tomcat-embed-core-10.1.43.jar:10.1.43]
	at org.apache.tomcat.util.threads.TaskThread$WrappingRunnable.run(TaskThread.java:63) ~[tomcat-embed-core-10.1.43.jar:10.1.43]
	at java.base/java.lang.Thread.run(Thread.java:833) ~[na:na]

2025-08-29T09:09:20.089+09:00  WARN 16156 --- [MySpringBootLab] [http-nio-8080-exec-5] .m.m.a.ExceptionHandlerExceptionResolver : Resolved [com.rookies4.myspringbootlab.exception.BusinessException: Book already exists with ISBN: 9780132350884]
2025-08-29T09:19:19.380+09:00  WARN 16156 --- [MySpringBootLab] [http-nio-8080-exec-2] .m.m.a.ExceptionHandlerExceptionResolver : Resolved [org.springframework.web.bind.MethodArgumentNotValidException: Validation failed for argument [1] in public org.springframework.http.ResponseEntity<com.rookies4.myspringbootlab.controller.dto.BookDTO$Response> com.rookies4.myspringbootlab.controller.BookController.updateBook(java.lang.Long,com.rookies4.myspringbootlab.controller.dto.BookDTO$Request): [Field error in object 'request' on field 'publishDate': rejected value [2025-08-29]; codes [Past.request.publishDate,Past.publishDate,Past.java.time.LocalDate,Past]; arguments [org.springframework.context.support.DefaultMessageSourceResolvable: codes [request.publishDate,publishDate]; arguments []; default message [publishDate]]; default message [Publish date must be in the past]] ]
2025-08-29T13:26:29.495+09:00  INFO 16156 --- [MySpringBootLab] [SpringApplicationShutdownHook] o.s.b.w.e.tomcat.GracefulShutdown        : Commencing graceful shutdown. Waiting for active requests to complete
2025-08-29T13:26:29.675+09:00  INFO 16156 --- [MySpringBootLab] [tomcat-shutdown] o.s.b.w.e.tomcat.GracefulShutdown        : Graceful shutdown complete
2025-08-29T13:26:29.680+09:00  INFO 16156 --- [MySpringBootLab] [SpringApplicationShutdownHook] j.LocalContainerEntityManagerFactoryBean : Closing JPA EntityManagerFactory for persistence unit 'default'
2025-08-29T13:26:29.684+09:00  INFO 16156 --- [MySpringBootLab] [SpringApplicationShutdownHook] com.zaxxer.hikari.HikariDataSource       : HikariPool-3 - Shutdown initiated...
2025-08-29T13:26:29.686+09:00  INFO 16156 --- [MySpringBootLab] [SpringApplicationShutdownHook] com.zaxxer.hikari.HikariDataSource       : HikariPool-3 - Shutdown completed.
